Microchip MPLAB XC8 Compiler V2.40

Linker command line:

-W-3 \
  --edf=C:\Program Files\Microchip\xc8\v2.40\pic\dat\20220703182018_en.msgs \
  -cn -h+dist/default/production\PRO_FullCode.X.production.sym \
  --cmf=dist/default/production\PRO_FullCode.X.production.cmf -z -Q18F67K40 \
  -oC:\Users\light\AppData\Local\Temp\xcAs4ko.4 --defsym=__MPLAB_BUILD=1 \
  --fixupoverflow=error \
  -Mdist/default/production/PRO_FullCode.X.production.map \
  --md=C:\Users\light\AppData\Local\Temp\xcAs4ko.dat -E1 -ver=XC8 Compiler \
  --acfsm=1493 -ACODE=00h-01FFFFh -ACONST=00h-01FFFFh \
  -ASMALLCONST=0E00h-0EFFhx498 -AMEDIUMCONST=0E00h-0FFFFh,010E00h-01FFFFh \
  -ACOMRAM=01h-05Fh -AABS1=00h-0DE9h -ABIGRAM=01h-0DE9h \
  -ARAM=060h-0FFh,0100h-01FFhx12,0D00h-0DE9h -ABANK0=060h-0FFh \
  -ABANK1=0100h-01FFh -ABANK2=0200h-02FFh -ABANK3=0300h-03FFh \
  -ABANK4=0400h-04FFh -ABANK5=0500h-05FFh -ABANK6=0600h-06FFh \
  -ABANK7=0700h-07FFh -ABANK8=0800h-08FFh -ABANK9=0900h-09FFh \
  -ABANK10=0A00h-0AFFh -ABANK11=0B00h-0BFFh -ABANK12=0C00h-0CFFh \
  -ABANK13=0D00h-0DE9h \
  -ASFR=0DEFh-0DFFh,0E00h-0EFFh,0F00h-0F5Fh,0F60h-0FFFh \
  -ABIGSFR=0DEFh-0FFFh -ACONFIG=0300000h-030000Bh -AIDLOC=0200000h-020000Fh \
  -AEEDATA=0310000h-03103FFh -peeprom_data=EEDATA \
  -preset_vec=00h,intcode=08h,intcodelo,powerup,init -pramtop=0E00h \
  -psmallconst=SMALLCONST -pmediumconst=MEDIUMCONST -pconst=CONST \
  -AFARRAM=00h-00h \
  -prdata=COMRAM,nvrram=COMRAM,nvbit=COMRAM,rbss=COMRAM,rbit=COMRAM \
  -pfarbss=FARRAM,fardata=FARRAM,nvFARRAM=FARRAM \
  -pintsave_regs=BIGRAM,bigbss=BIGRAM,bigdata=BIGRAM -pbss=RAM \
  -pidata=CODE,irdata=CODE,ibigdata=CODE,ifardata=CODE -prparam=COMRAM \
  C:\Users\light\AppData\Local\Temp\xcAs4ko.o \
  dist/default/production\PRO_FullCode.X.production.o 

Object code version is 3.11

Machine type is 18F67K40



                Name                               Link     Load   Length Selector   Space Scale
C:\Users\light\AppData\Local\Temp\xcAs4ko.o
                idloc                            200000   200000       10        0       5
                config                           300000   300000        C        0       4
                init                                1B6      1B6        4        4       0
                reset_vec                             0        0        4        0       0
dist/default/production\PRO_FullCode.X.production.o
                intcode                               8        8      1AE        4       0
                idloc                            200000   200000       10        0       5
                config                           300000   300000        C        0       4
                temp                                 46       46        1        1       1
                mediumconst                        FEC6     FEC6      13A     7F63       0
                text115                           117C6    117C6       52     8000       0
                text114                           11B94    11B94       2A     8000       0
                text113                           11F56    11F56        6     8000       0
                text112                           11F6A    11F6A        2     8000       0
                text111                           11F00    11F00        8     8000       0
                text110                           11D92    11D92       16     8000       0
                text109                           11D7C    11D7C       16     8000       0
                text108                           11D66    11D66       16     8000       0
                text107                           116C6    116C6       58     8000       0
                text106                           119E8    119E8       3E     8000       0
                text105                           10CDE    10CDE       CA     8000       0
                text104                           118E4    118E4       44     8000       0
                text103                           1166E    1166E       58     8000       0
                text102                           11D50    11D50       16     8000       0
                text101                           11D3A    11D3A       16     8000       0
                text100                           11774    11774       52     8000       0
                text99                            11B6A    11B6A       2A     8000       0
                text98                            11F50    11F50        6     8000       0
                text97                            11F68    11F68        2     8000       0
                text96                            11EF8    11EF8        8     8000       0
                text95                            11D24    11D24       16     8000       0
                text94                            119AA    119AA       3E     8000       0
                text93                            10C14    10C14       CA     8000       0
                text92                            118A0    118A0       44     8000       0
                text91                            11F4A    11F4A        6     8000       0
                text90                            11F44    11F44        6     8000       0
                text89                            11C2A    11C2A       24     8000       0
                text88                            112CC    112CC       84     8000       0
                text87                            11CC4    11CC4       1C     8000       0
                text86                            11AB6    11AB6       30     8000       0
                text85                            11A86    11A86       30     8000       0
                text84                            11A56    11A56       30     8000       0
                text83                            11A26    11A26       30     8000       0
                text82                            1185C    1185C       44     8000       0
                text81                            11F64    11F64        4     8000       0
                text80                            11F60    11F60        4     8000       0
                text79                            11F3E    11F3E        6     8000       0
                text78                            11EF0    11EF0        8     8000       0
                text77                            11F38    11F38        6     8000       0
                text76                            11EE8    11EE8        8     8000       0
                text75                            11EE0    11EE0        8     8000       0
                text74                            11D0E    11D0E       16     8000       0
                text73                            11F32    11F32        6     8000       0
                text72                            113CE    113CE       7E     8000       0
                text71                            11E8A    11E8A        C     8000       0
                text70                            11DC8    11DC8       10     8000       0
                text69                            11DB8    11DB8       10     8000       0
                text68                            10DA8    10DA8       C8     8000       0
                text67                            10FEA    10FEA       A8     8000       0
                text66                            11E7E    11E7E        C     8000       0
                text65                            11ED8    11ED8        8     8000       0
                text64                            11ED0    11ED0        8     8000       0
                text63                            11EC8    11EC8        8     8000       0
                text62                            11EC0    11EC0        8     8000       0
                text61                            11EB8    11EB8        8     8000       0
                text60                            11EB0    11EB0        8     8000       0
                text59                            11EA8    11EA8        8     8000       0
                text58                            11E72    11E72        C     8000       0
                text57                            115AA    115AA       6C     8000       0
                text56                            11F2C    11F2C        6     8000       0
                text55                            1153E    1153E       6C     8000       0
                text54                            11F26    11F26        6     8000       0
                text52                            11F20    11F20        6     8000       0
                text51                            11F1A    11F1A        6     8000       0
                text50                            11F14    11F14        6     8000       0
                text49                            11B14    11B14       2C     8000       0
                text48                            11F0E    11F0E        6     8000       0
                text47                            1196A    1196A       40     8000       0
                text46                            11EA0    11EA0        8     8000       0
                text45                            11F08    11F08        6     8000       0
                text44                            11C06    11C06       24     8000       0
                text43                            11E64    11E64        E     8000       0
                text42                            10F34    10F34       B6     8000       0
                text41                            11248    11248       84     8000       0
                text40                            11CA8    11CA8       1C     8000       0
                text39                            11BE2    11BE2       24     8000       0
                text38                            11C8C    11C8C       1C     8000       0
                text37                            114C8    114C8       76     8000       0
                text36                            11DA8    11DA8       10     8000       0
                text35                            1144C    1144C       7C     8000       0
                text34                            11E56    11E56        E     8000       0
                text33                            11E48    11E48        E     8000       0
                text32                            11E3A    11E3A        E     8000       0
                text31                            11E2C    11E2C        E     8000       0
                text30                            11E1E    11E1E        E     8000       0
                text29                            111B8    111B8       90     8000       0
                text28                            11E10    11E10        E     8000       0
                text27                            11E02    11E02        E     8000       0
                text26                            11DF4    11DF4        E     8000       0
                text25                            11DE6    11DE6        E     8000       0
                text24                            11DD8    11DD8        E     8000       0
                text23                            11128    11128       90     8000       0
                text22                            11CF8    11CF8       16     8000       0
                text21                            11F5C    11F5C        4     8000       0
                text20                            11CE0    11CE0       18     8000       0
                text19                            10A66    10A66       DE     8000       0
                text18                            11C70    11C70       1C     8000       0
                text17                            11BBE    11BBE       24     8000       0
                text16                            11C4E    11C4E       22     8000       0
                text15                            10686    10686      18A     8000       0
                text14                            10810    10810      164     8000       0
                text13                            11928    11928       42     8000       0
                text12                            11616    11616       58     8000       0
                text11                            11E96    11E96        A     8000       0
                text10                            11092    11092       96     8000       0
                text9                             11818    11818       44     8000       0
                text8                             11350    11350       7E     8000       0
                text7                             10000    10000      282     8000       0
                text6                             10974    10974       F2     8000       0
                text5                             10B44    10B44       D0     8000       0
                text4                             104BE    104BE      1C8     8000       0
                text3                             10282    10282      23C     8000       0
                text2                             1171E    1171E       56     8000       0
                text1                             11B40    11B40       2A     8000       0
                text0                             10E70    10E70       C4     8000       0
                cstackCOMRAM                          1        1       2D        1       1
                cstackBANK0                          BB       BB       45       60       1
                cstackBANK1                         13B      13B       18      100       1
                bssBANK1                            100      100       20      100       1
                bssBANK0                             60       60       5B       60       1
                bssCOMRAM                            2E       2E       13        1       1
                cinit                             11AE6    11AE6       2E     8000       0
                nvBANK1                             120      120       1B      100       1
                nvCOMRAM                             41       41        5        1       1

TOTAL           Name                               Link     Load   Length     Space
        CLASS   CODE           
                intcode                               8        8      1AE         0
                init                                1B6      1B6        4         0
                reset_vec                             0        0        4         0
                text115                           117C6    117C6       52         0
                text114                           11B94    11B94       2A         0
                text113                           11F56    11F56        6         0
                text112                           11F6A    11F6A        2         0
                text111                           11F00    11F00        8         0
                text110                           11D92    11D92       16         0
                text109                           11D7C    11D7C       16         0
                text108                           11D66    11D66       16         0
                text107                           116C6    116C6       58         0
                text106                           119E8    119E8       3E         0
                text105                           10CDE    10CDE       CA         0
                text104                           118E4    118E4       44         0
                text103                           1166E    1166E       58         0
                text102                           11D50    11D50       16         0
                text101                           11D3A    11D3A       16         0
                text100                           11774    11774       52         0
                text99                            11B6A    11B6A       2A         0
                text98                            11F50    11F50        6         0
                text97                            11F68    11F68        2         0
                text96                            11EF8    11EF8        8         0
                text95                            11D24    11D24       16         0
                text94                            119AA    119AA       3E         0
                text93                            10C14    10C14       CA         0
                text92                            118A0    118A0       44         0
                text91                            11F4A    11F4A        6         0
                text90                            11F44    11F44        6         0
                text89                            11C2A    11C2A       24         0
                text88                            112CC    112CC       84         0
                text87                            11CC4    11CC4       1C         0
                text86                            11AB6    11AB6       30         0
                text85                            11A86    11A86       30         0
                text84                            11A56    11A56       30         0
                text83                            11A26    11A26       30         0
                text82                            1185C    1185C       44         0
                text81                            11F64    11F64        4         0
                text80                            11F60    11F60        4         0
                text79                            11F3E    11F3E        6         0
                text78                            11EF0    11EF0        8         0
                text77                            11F38    11F38        6         0
                text76                            11EE8    11EE8        8         0
                text75                            11EE0    11EE0        8         0
                text74                            11D0E    11D0E       16         0
                text73                            11F32    11F32        6         0
                text72                            113CE    113CE       7E         0
                text71                            11E8A    11E8A        C         0
                text70                            11DC8    11DC8       10         0
                text69                            11DB8    11DB8       10         0
                text68                            10DA8    10DA8       C8         0
                text67                            10FEA    10FEA       A8         0
                text66                            11E7E    11E7E        C         0
                text65                            11ED8    11ED8        8         0
                text64                            11ED0    11ED0        8         0
                text63                            11EC8    11EC8        8         0
                text62                            11EC0    11EC0        8         0
                text61                            11EB8    11EB8        8         0
                text60                            11EB0    11EB0        8         0
                text59                            11EA8    11EA8        8         0
                text58                            11E72    11E72        C         0
                text57                            115AA    115AA       6C         0
                text56                            11F2C    11F2C        6         0
                text55                            1153E    1153E       6C         0
                text54                            11F26    11F26        6         0
                text52                            11F20    11F20        6         0
                text51                            11F1A    11F1A        6         0
                text50                            11F14    11F14        6         0
                text49                            11B14    11B14       2C         0
                text48                            11F0E    11F0E        6         0
                text47                            1196A    1196A       40         0
                text46                            11EA0    11EA0        8         0
                text45                            11F08    11F08        6         0
                text44                            11C06    11C06       24         0
                text43                            11E64    11E64        E         0
                text42                            10F34    10F34       B6         0
                text41                            11248    11248       84         0
                text40                            11CA8    11CA8       1C         0
                text39                            11BE2    11BE2       24         0
                text38                            11C8C    11C8C       1C         0
                text37                            114C8    114C8       76         0
                text36                            11DA8    11DA8       10         0
                text35                            1144C    1144C       7C         0
                text34                            11E56    11E56        E         0
                text33                            11E48    11E48        E         0
                text32                            11E3A    11E3A        E         0
                text31                            11E2C    11E2C        E         0
                text30                            11E1E    11E1E        E         0
                text29                            111B8    111B8       90         0
                text28                            11E10    11E10        E         0
                text27                            11E02    11E02        E         0
                text26                            11DF4    11DF4        E         0
                text25                            11DE6    11DE6        E         0
                text24                            11DD8    11DD8        E         0
                text23                            11128    11128       90         0
                text22                            11CF8    11CF8       16         0
                text21                            11F5C    11F5C        4         0
                text20                            11CE0    11CE0       18         0
                text19                            10A66    10A66       DE         0
                text18                            11C70    11C70       1C         0
                text17                            11BBE    11BBE       24         0
                text16                            11C4E    11C4E       22         0
                text15                            10686    10686      18A         0
                text14                            10810    10810      164         0
                text13                            11928    11928       42         0
                text12                            11616    11616       58         0
                text11                            11E96    11E96        A         0
                text10                            11092    11092       96         0
                text9                             11818    11818       44         0
                text8                             11350    11350       7E         0
                text7                             10000    10000      282         0
                text6                             10974    10974       F2         0
                text5                             10B44    10B44       D0         0
                text4                             104BE    104BE      1C8         0
                text3                             10282    10282      23C         0
                text2                             1171E    1171E       56         0
                text1                             11B40    11B40       2A         0
                text0                             10E70    10E70       C4         0
                cinit                             11AE6    11AE6       2E         0

        CLASS   CONST          

        CLASS   SMALLCONST     

        CLASS   MEDIUMCONST    
                mediumconst                        FEC6     FEC6      13A         0

        CLASS   COMRAM         
                temp                                 46       46        1         1
                cstackCOMRAM                          1        1       2D         1
                bssCOMRAM                            2E       2E       13         1
                nvCOMRAM                             41       41        5         1

        CLASS   ABS1           

        CLASS   BIGRAM         

        CLASS   RAM            

        CLASS   BANK0          
                cstackBANK0                          BB       BB       45         1
                bssBANK0                             60       60       5B         1

        CLASS   BANK1          
                cstackBANK1                         13B      13B       18         1
                bssBANK1                            100      100       20         1
                nvBANK1                             120      120       1B         1

        CLASS   BANK2          

        CLASS   BANK3          

        CLASS   BANK4          

        CLASS   BANK5          

        CLASS   BANK6          

        CLASS   BANK7          

        CLASS   BANK8          

        CLASS   BANK9          

        CLASS   BANK10         

        CLASS   BANK11         

        CLASS   BANK12         

        CLASS   BANK13         

        CLASS   SFR            

        CLASS   BIGSFR         

        CLASS   CONFIG         
                config                           300000   300000        C         4

        CLASS   IDLOC          
                idloc                            200000   200000       10         5

        CLASS   EEDATA         

        CLASS   FARRAM         

        CLASS   HEAP           

        CLASS   STACK          



SEGMENTS        Name                           Load    Length   Top    Selector   Space  Class

                reset_vec                      000000  000004  000004         0       0  CODE    
                cstackCOMRAM                   000001  000046  000047         1       1  COMRAM  
                intcode                        000008  0001B2  0001BA         4       0  CODE    
                bssBANK0                       000060  0000A0  000100        60       1  BANK0   
                bssBANK1                       000100  000053  000153       100       1  BANK1   
                mediumconst                    00FEC6  00013A  010000      7F63       0  MEDIUMCO
                text7                          010000  001F6C  011F6C      8000       0  CODE    


UNUSED ADDRESS RANGES

        Name                Unused          Largest block    Delta
        BANK1            000153-0001FF               AD
        BANK10           000A00-000AFF              100
        BANK11           000B00-000BFF              100
        BANK12           000C00-000CFF              100
        BANK13           000D00-000DE9               EA
        BANK2            000200-0002FF              100
        BANK3            000300-0003FF              100
        BANK4            000400-0004FF              100
        BANK5            000500-0005FF              100
        BANK6            000600-0006FF              100
        BANK7            000700-0007FF              100
        BANK8            000800-0008FF              100
        BANK9            000900-0009FF              100
        BIGRAM           000047-00005F               19
                         000153-000DE9              C97
        BIGSFR           000DEF-000FFF              211
        CODE             000004-000007                4
                         0001BA-00FEC5             FD0C
                         011F6C-01FFFF             E094
        COMRAM           000047-00005F               19
        CONST            000004-000007                4
                         0001BA-00FEC5             FD0C
                         011F6C-01FFFF             E094
        EEDATA           310000-3103FF              400
        MEDIUMCONST      000E00-00FEC5             F0C6
                         011F6C-01FFFF             E094
        RAM              000153-000DE9              100
        SFR              000DEF-000FFF              100
        SMALLCONST       000E00-00FEC5              100
                         011F6C-01FFFF              100

                                  Symbol Table

?___aodiv                                       cstackCOMRAM 00001A
?___aomod                                       cstackCOMRAM 00001A
?___lodiv                                       cstackCOMRAM 00001A
?___lomod                                       cstackCOMRAM 00001A
?_abs                                           cstackCOMRAM 00002C
?_printf                                        cstackBANK1  000141
?_vfprintf                                      cstackBANK1  00013B
EUSART2Transmit@unifData                        cstackCOMRAM 000002
EUSART2_Read@readValue                          cstackCOMRAM 000001
EUSART2_SetErrorHandler@interruptHandler        cstackCOMRAM 00001A
EUSART2_SetFramingErrorHandler@interruptHandler cstackCOMRAM 00001A
EUSART2_SetOverrunErrorHandler@interruptHandler cstackCOMRAM 00001A
EUSART2_SetRxInterruptHandler@interruptHandler  cstackCOMRAM 00001A
EUSART2_SetTxInterruptHandler@interruptHandler  cstackCOMRAM 00001A
EUSART2_Write@txData                            cstackCOMRAM 000001
EUSART3Transmit@unixData                        cstackCOMRAM 000002
EUSART3_Read@readValue                          cstackCOMRAM 000001
EUSART3_SetErrorHandler@interruptHandler        cstackCOMRAM 00001A
EUSART3_SetFramingErrorHandler@interruptHandler cstackCOMRAM 00001A
EUSART3_SetOverrunErrorHandler@interruptHandler cstackCOMRAM 00001A
EUSART3_SetRxInterruptHandler@interruptHandler  cstackCOMRAM 00001A
EUSART3_SetTxInterruptHandler@interruptHandler  cstackCOMRAM 00001A
EUSART3_Write@txData                            cstackCOMRAM 00001A
I2C2_CallbackReturnReset@funPtr                 cstackCOMRAM 00000C
I2C2_Close@returnValue                          cstackCOMRAM 00001A
I2C2_MasterOperation@read                       cstackCOMRAM 00001A
I2C2_MasterOperation@returnValue                cstackCOMRAM 00001B
I2C2_MasterSendTxData@data                      cstackCOMRAM 000001
I2C2_Open@address                               cstackCOMRAM 00001D
I2C2_Open@returnValue                           cstackCOMRAM 00001E
I2C2_Read1ByteRegister@address                  cstackCOMRAM 000026
I2C2_Read1ByteRegister@reg                      cstackCOMRAM 000025
I2C2_Read1ByteRegister@returnValue              cstackCOMRAM 000027
I2C2_SetAddressNackCallback@cb                  cstackCOMRAM 000020
I2C2_SetAddressNackCallback@ptr                 cstackCOMRAM 000023
I2C2_SetBuffer@buffer                           cstackCOMRAM 00001A
I2C2_SetBuffer@bufferSize                       cstackCOMRAM 00001C
I2C2_SetCallback@cb                             cstackCOMRAM 00001A
I2C2_SetCallback@idx                            cstackCOMRAM 00001F
I2C2_SetCallback@ptr                            cstackCOMRAM 00001D
I2C2_SetDataCompleteCallback@cb                 cstackCOMRAM 000020
I2C2_SetDataCompleteCallback@ptr                cstackCOMRAM 000023
I2C2_SetInterruptHandler@InterruptHandler       cstackCOMRAM 00001A
I2C2_Write1ByteRegister@address                 cstackCOMRAM 000027
I2C2_Write1ByteRegister@data                    cstackCOMRAM 000026
I2C2_Write1ByteRegister@reg                     cstackCOMRAM 000025
_ANSELA                                         (abs)        000E92
_ANSELB                                         (abs)        000E9A
_ANSELD                                         (abs)        000EA7
_ANSELE                                         (abs)        000EAF
_ANSELF                                         (abs)        000EB4
_ANSELG                                         (abs)        000EBC
_BAUD2CON                                       (abs)        000EF7
_BAUD3CON                                       (abs)        000EF0
_EUSART2Transmit                                text106      0119E8
_EUSART2_DefaultErrorHandler                    text113      011F56
_EUSART2_DefaultFramingErrorHandler             text112      011F6A
_EUSART2_DefaultOverrunErrorHandler             text111      011F00
_EUSART2_ErrorHandler                           nvBANK1      000120
_EUSART2_FramingErrorHandler                    nvBANK1      000126
_EUSART2_Initialize                             text29       0111B8
_EUSART2_OverrunErrorHandler                    nvBANK1      000123
_EUSART2_Read                                   text115      0117C6
_EUSART2_Receive_ISR                            text105      010CDE
_EUSART2_RxDataHandler                          text114      011B94
_EUSART2_RxDefaultInterruptHandler              nvBANK1      000138
_EUSART2_SetErrorHandler                        text34       011E56
_EUSART2_SetFramingErrorHandler                 text33       011E48
_EUSART2_SetOverrunErrorHandler                 text32       011E3A
_EUSART2_SetRxInterruptHandler                  text31       011E2C
_EUSART2_SetTxInterruptHandler                  text30       011E1E
_EUSART2_Transmit_ISR                           text104      0118E4
_EUSART2_TxDefaultInterruptHandler              nvCOMRAM     000041
_EUSART2_Write                                  text103      01166E
_EUSART2_is_rx_ready                            text110      011D92
_EUSART2_is_tx_done                             text102      011D50
_EUSART2_is_tx_ready                            text101      011D3A
_EUSART3Transmit                                text94       0119AA
_EUSART3_DefaultErrorHandler                    text98       011F50
_EUSART3_DefaultFramingErrorHandler             text97       011F68
_EUSART3_DefaultOverrunErrorHandler             text96       011EF8
_EUSART3_ErrorHandler                           nvBANK1      000129
_EUSART3_FramingErrorHandler                    nvBANK1      00012F
_EUSART3_Initialize                             text23       011128
_EUSART3_OverrunErrorHandler                    nvBANK1      00012C
_EUSART3_Read                                   text100      011774
_EUSART3_Receive_ISR                            text93       010C14
_EUSART3_RxDataHandler                          text99       011B6A
_EUSART3_RxDefaultInterruptHandler              nvBANK1      000132
_EUSART3_SetErrorHandler                        text28       011E10
_EUSART3_SetFramingErrorHandler                 text27       011E02
_EUSART3_SetOverrunErrorHandler                 text26       011DF4
_EUSART3_SetRxInterruptHandler                  text25       011DE6
_EUSART3_SetTxInterruptHandler                  text24       011DD8
_EUSART3_Transmit_ISR                           text92       0118A0
_EUSART3_TxDefaultInterruptHandler              nvBANK1      000135
_EUSART3_Write                                  text12       011616
_EUSART3_is_rx_ready                            text95       011D24
_EUSART3_is_tx_done                             text109      011D7C
_EUSART3_is_tx_ready                            text108      011D66
_Enable_LS                                      text36       011DA8
_I2C2_CallbackReturnReset                       text80       011F60
_I2C2_CallbackReturnStop                        text81       011F64
_I2C2_Close                                     text49       011B14
_I2C2_DO_ADDRESS_NACK                           text57       0115AA
_I2C2_DO_IDLE                                   text71       011E8A
_I2C2_DO_RCEN                                   text66       011E7E
_I2C2_DO_RESET                                  text58       011E72
_I2C2_DO_RX                                     text67       010FEA
_I2C2_DO_RX_ACK                                 text61       011EB8
_I2C2_DO_RX_NACK_RESTART                        text59       011EA8
_I2C2_DO_RX_NACK_STOP                           text60       011EB0
_I2C2_DO_SEND_ADR_READ                          text70       011DC8
_I2C2_DO_SEND_ADR_WRITE                         text69       011DB8
_I2C2_DO_SEND_RESTART                           text63       011EC8
_I2C2_DO_SEND_RESTART_READ                      text65       011ED8
_I2C2_DO_SEND_RESTART_WRITE                     text64       011ED0
_I2C2_DO_SEND_STOP                              text62       011EC0
_I2C2_DO_TX                                     text68       010DA8
_I2C2_DO_TX_EMPTY                               text72       0113CE
_I2C2_Initialize                                text22       011CF8
_I2C2_MasterClearIrq                            text52       011F20
_I2C2_MasterClose                               text51       011F1A
_I2C2_MasterDisableIrq                          text50       011F14
_I2C2_MasterEnableIrq                           text45       011F08
_I2C2_MasterEnableRestart                       text91       011F4A
_I2C2_MasterFsm                                 text55       01153E
_I2C2_MasterGetRxData                           text77       011F38
_I2C2_MasterIsNack                              text74       011D0E
_I2C2_MasterIsr                                 text54       011F26
_I2C2_MasterOpen                                text44       011C06
_I2C2_MasterOperation                           text47       01196A
_I2C2_MasterSendAck                             text76       011EE8
_I2C2_MasterSendNack                            text78       011EF0
_I2C2_MasterSendTxData                          text75       011EE0
_I2C2_MasterSetIrq                              text73       011F32
_I2C2_MasterStart                               text48       011F0E
_I2C2_MasterStartRx                             text79       011F3E
_I2C2_MasterStop                                text90       011F44
_I2C2_MasterWrite                               text46       011EA0
_I2C2_Open                                      text42       010F34
_I2C2_Read1ByteRegister                         text35       01144C
_I2C2_SetAddressNackCallback                    text40       011CA8
_I2C2_SetBuffer                                 text39       011BE2
_I2C2_SetCallback                               text41       011248
_I2C2_SetDataCompleteCallback                   text38       011C8C
_I2C2_SetInterruptHandler                       text43       011E64
_I2C2_Status                                    bssBANK0     000060
_I2C2_Write1ByteRegister                        text37       0114C8
_INLVLA                                         (abs)        000E8E
_INLVLB                                         (abs)        000E96
_INLVLC                                         (abs)        000E9E
_INLVLD                                         (abs)        000EA3
_INLVLE                                         (abs)        000EAB
_INLVLF                                         (abs)        000EB0
_INLVLG                                         (abs)        000EB8
_INLVLH                                         (abs)        000EBD
_INTCONbits                                     (abs)        000FF2
_INTERRUPT_Initialize                           text21       011F5C
_INTERRUPT_InterruptManager                     intcode      000008
_LATA                                           (abs)        000F79
_LATB                                           (abs)        000F7A
_LATC                                           (abs)        000F7B
_LATCbits                                       (abs)        000F7B
_LATD                                           (abs)        000F7C
_LATE                                           (abs)        000F7D
_LATF                                           (abs)        000F7E
_LATG                                           (abs)        000F7F
_LATH                                           (abs)        000F80
_MSSP2_InterruptHandler                         bssCOMRAM    00002E
_ODCONA                                         (abs)        000E90
_ODCONB                                         (abs)        000E98
_ODCONC                                         (abs)        000EA0
_ODCOND                                         (abs)        000EA5
_ODCONE                                         (abs)        000EAD
_ODCONF                                         (abs)        000EB2
_ODCONG                                         (abs)        000EBA
_ODCONH                                         (abs)        000EBF
_OSCCON1                                        (abs)        000E43
_OSCCON3                                        (abs)        000E45
_OSCEN                                          (abs)        000E47
_OSCFRQ                                         (abs)        000E49
_OSCILLATOR_Initialize                          text20       011CE0
_OSCTUNE                                        (abs)        000E48
_PIE3bits                                       (abs)        000E2C
_PIE4bits                                       (abs)        000E2D
_PIN_MANAGER_Initialize                         text19       010A66
_PIR3bits                                       (abs)        000E36
_PIR4bits                                       (abs)        000E37
_PMD0                                           (abs)        000E4C
_PMD1                                           (abs)        000E4D
_PMD2                                           (abs)        000E4E
_PMD3                                           (abs)        000E4F
_PMD4                                           (abs)        000E50
_PMD5                                           (abs)        000E51
_PMD_Initialize                                 text18       011C70
_RC2PPS                                         (abs)        000E64
_RC2REG                                         (abs)        000EF1
_RC2STA                                         (abs)        000EF5
_RC2STAbits                                     (abs)        000EF5
_RC3PPS                                         (abs)        000E65
_RC3REG                                         (abs)        000EEA
_RC3STA                                         (abs)        000EEE
_RC3STAbits                                     (abs)        000EEE
_RD5PPS                                         (abs)        000E6F
_RD6PPS                                         (abs)        000E70
_RE0PPS                                         (abs)        000E72
_RG1PPS                                         (abs)        000E83
_RX2PPS                                         (abs)        000E11
_RX3PPS                                         (abs)        000E13
_SLRCONA                                        (abs)        000E8F
_SLRCONB                                        (abs)        000E97
_SLRCONC                                        (abs)        000E9F
_SLRCOND                                        (abs)        000EA4
_SLRCONE                                        (abs)        000EAC
_SLRCONF                                        (abs)        000EB1
_SLRCONG                                        (abs)        000EB9
_SLRCONH                                        (abs)        000EBE
_SP2BRGH                                        (abs)        000EF4
_SP2BRGL                                        (abs)        000EF3
_SP3BRGH                                        (abs)        000EED
_SP3BRGL                                        (abs)        000EEC
_SPI1_Initialize                                text17       011BBE
_SSP1ADD                                        (abs)        000F92
_SSP1BUF                                        (abs)        000F91
_SSP1CLKPPS                                     (abs)        000E19
_SSP1CON1                                       (abs)        000F95
_SSP1CON1bits                                   (abs)        000F95
_SSP1CON2                                       (abs)        000F96
_SSP1DATPPS                                     (abs)        000E1A
_SSP1STAT                                       (abs)        000F94
_SSP2ADD                                        (abs)        000ED6
_SSP2BUF                                        (abs)        000ED5
_SSP2CLKPPS                                     (abs)        000E1C
_SSP2CON1                                       (abs)        000ED9
_SSP2CON1bits                                   (abs)        000ED9
_SSP2CON2                                       (abs)        000EDA
_SSP2CON2bits                                   (abs)        000EDA
_SSP2DATPPS                                     (abs)        000E1D
_SSP2STAT                                       (abs)        000ED8
_SSP2STATbits                                   (abs)        000ED8
_SYSTEM_Initialize                              text16       011C4E
_TRISA                                          (abs)        000F81
_TRISB                                          (abs)        000F82
_TRISC                                          (abs)        000F83
_TRISCbits                                      (abs)        000F83
_TRISD                                          (abs)        000F84
_TRISE                                          (abs)        000F85
_TRISF                                          (abs)        000F86
_TRISG                                          (abs)        000F87
_TRISH                                          (abs)        000F88
_TX2REG                                         (abs)        000EF2
_TX2STA                                         (abs)        000EF6
_TX2STAbits                                     (abs)        000EF6
_TX3REG                                         (abs)        000EEB
_TX3STA                                         (abs)        000EEF
_TX3STAbits                                     (abs)        000EEF
_WPUA                                           (abs)        000E91
_WPUB                                           (abs)        000E99
_WPUC                                           (abs)        000EA1
_WPUD                                           (abs)        000EA6
_WPUE                                           (abs)        000EAE
_WPUF                                           (abs)        000EB3
_WPUG                                           (abs)        000EBB
_WPUH                                           (abs)        000EC0
__HRAM                                          (abs)        000000
__Habs1                                         abs1         000000
__Hbank0                                        bank0        000000
__Hbank1                                        bank1        000000
__Hbank10                                       bank10       000000
__Hbank11                                       bank11       000000
__Hbank12                                       bank12       000000
__Hbank13                                       bank13       000000
__Hbank2                                        bank2        000000
__Hbank3                                        bank3        000000
__Hbank4                                        bank4        000000
__Hbank5                                        bank5        000000
__Hbank6                                        bank6        000000
__Hbank7                                        bank7        000000
__Hbank8                                        bank8        000000
__Hbank9                                        bank9        000000
__Hbigbss                                       bigbss       000000
__Hbigdata                                      bigdata      000000
__Hbigram                                       bigram       000000
__Hbigsfr                                       bigsfr       000000
__Hbss                                          bss          000000
__HbssBANK0                                     bssBANK0     000000
__HbssBANK1                                     bssBANK1     000000
__HbssCOMRAM                                    bssCOMRAM    000000
__Hcinit                                        cinit        000000
__Hclrtext                                      clrtext      000000
__Hcomram                                       comram       000000
__Hconfig                                       config       30000C
__Hconst                                        const        000000
__HcstackBANK0                                  cstackBANK0  000000
__HcstackBANK1                                  cstackBANK1  000000
__HcstackCOMRAM                                 cstackCOMRAM 000000
__Hdata                                         data         000000
__Heeprom_data                                  eeprom_data  000000
__Hfarbss                                       farbss       000000
__Hfardata                                      fardata      000000
__Hheap                                         heap         000000
__Hibigdata                                     ibigdata     000000
__Hidata                                        idata        000000
__Hidloc                                        idloc        200010
__Hifardata                                     ifardata     000000
__Hinit                                         init         0001BA
__Hintcode                                      intcode      0001B6
__Hintcode_body                                 intcode_body 000000
__Hintcodelo                                    intcodelo    0001B6
__Hintentry                                     intentry     000000
__Hintret                                       intret       000000
__Hintsave_regs                                 intsave_regs 000000
__Hirdata                                       irdata       000000
__Hmediumconst                                  mediumconst  010000
__HnvBANK1                                      nvBANK1      000000
__HnvCOMRAM                                     nvCOMRAM     000000
__HnvFARRAM                                     nvFARRAM     000000
__Hnvbit                                        nvbit        000000
__Hnvrram                                       nvrram       000000
__Hparam                                        rparam       000000
__Hpowerup                                      powerup      0001B6
__Hram                                          ram          000000
__Hramtop                                       ramtop       000E00
__Hrbit                                         rbit         000000
__Hrbss                                         rbss         000000
__Hrdata                                        rdata        000000
__Hreset_vec                                    reset_vec    000004
__Hrparam                                       rparam       000000
__Hsfr                                          sfr          000000
__Hsmallconst                                   smallconst   000000
__Hspace_0                                      (abs)        011F6C
__Hspace_1                                      (abs)        000153
__Hspace_2                                      (abs)        000000
__Hspace_4                                      (abs)        60000C
__Hstack                                        stack        000000
__Hstruct                                       struct       000000
__Htemp                                         temp         000047
__Htext                                         text         000000
__Htext0                                        text0        000000
__Htext1                                        text1        000000
__Htext10                                       text10       000000
__Htext100                                      text100      000000
__Htext101                                      text101      000000
__Htext102                                      text102      000000
__Htext103                                      text103      000000
__Htext104                                      text104      000000
__Htext105                                      text105      000000
__Htext106                                      text106      000000
__Htext107                                      text107      000000
__Htext108                                      text108      000000
__Htext109                                      text109      000000
__Htext11                                       text11       000000
__Htext110                                      text110      000000
__Htext111                                      text111      000000
__Htext112                                      text112      000000
__Htext113                                      text113      000000
__Htext114                                      text114      000000
__Htext115                                      text115      000000
__Htext116                                      text116      000000
__Htext12                                       text12       000000
__Htext13                                       text13       000000
__Htext14                                       text14       000000
__Htext15                                       text15       000000
__Htext16                                       text16       000000
__Htext17                                       text17       000000
__Htext18                                       text18       000000
__Htext19                                       text19       000000
__Htext2                                        text2        000000
__Htext20                                       text20       000000
__Htext21                                       text21       000000
__Htext22                                       text22       000000
__Htext23                                       text23       000000
__Htext24                                       text24       000000
__Htext25                                       text25       000000
__Htext26                                       text26       000000
__Htext27                                       text27       000000
__Htext28                                       text28       000000
__Htext29                                       text29       000000
__Htext3                                        text3        000000
__Htext30                                       text30       000000
__Htext31                                       text31       000000
__Htext32                                       text32       000000
__Htext33                                       text33       000000
__Htext34                                       text34       000000
__Htext35                                       text35       000000
__Htext36                                       text36       000000
__Htext37                                       text37       000000
__Htext38                                       text38       000000
__Htext39                                       text39       000000
__Htext4                                        text4        000000
__Htext40                                       text40       000000
__Htext41                                       text41       000000
__Htext42                                       text42       000000
__Htext43                                       text43       000000
__Htext44                                       text44       000000
__Htext45                                       text45       000000
__Htext46                                       text46       000000
__Htext47                                       text47       000000
__Htext48                                       text48       000000
__Htext49                                       text49       000000
__Htext5                                        text5        000000
__Htext50                                       text50       000000
__Htext51                                       text51       000000
__Htext52                                       text52       000000
__Htext54                                       text54       000000
__Htext55                                       text55       000000
__Htext56                                       text56       000000
__Htext57                                       text57       000000
__Htext58                                       text58       000000
__Htext59                                       text59       000000
__Htext6                                        text6        000000
__Htext60                                       text60       000000
__Htext61                                       text61       000000
__Htext62                                       text62       000000
__Htext63                                       text63       000000
__Htext64                                       text64       000000
__Htext65                                       text65       000000
__Htext66                                       text66       000000
__Htext67                                       text67       000000
__Htext68                                       text68       000000
__Htext69                                       text69       000000
__Htext7                                        text7        000000
__Htext70                                       text70       000000
__Htext71                                       text71       000000
__Htext72                                       text72       000000
__Htext73                                       text73       000000
__Htext74                                       text74       000000
__Htext75                                       text75       000000
__Htext76                                       text76       000000
__Htext77                                       text77       000000
__Htext78                                       text78       000000
__Htext79                                       text79       000000
__Htext8                                        text8        000000
__Htext80                                       text80       000000
__Htext81                                       text81       000000
__Htext82                                       text82       000000
__Htext83                                       text83       000000
__Htext84                                       text84       000000
__Htext85                                       text85       000000
__Htext86                                       text86       000000
__Htext87                                       text87       000000
__Htext88                                       text88       000000
__Htext89                                       text89       000000
__Htext9                                        text9        000000
__Htext90                                       text90       000000
__Htext91                                       text91       000000
__Htext92                                       text92       000000
__Htext93                                       text93       000000
__Htext94                                       text94       000000
__Htext95                                       text95       000000
__Htext96                                       text96       000000
__Htext97                                       text97       000000
__Htext98                                       text98       000000
__Htext99                                       text99       000000
__LRAM                                          (abs)        000001
__Labs1                                         abs1         000000
__Lbank0                                        bank0        000000
__Lbank1                                        bank1        000000
__Lbank10                                       bank10       000000
__Lbank11                                       bank11       000000
__Lbank12                                       bank12       000000
__Lbank13                                       bank13       000000
__Lbank2                                        bank2        000000
__Lbank3                                        bank3        000000
__Lbank4                                        bank4        000000
__Lbank5                                        bank5        000000
__Lbank6                                        bank6        000000
__Lbank7                                        bank7        000000
__Lbank8                                        bank8        000000
__Lbank9                                        bank9        000000
__Lbigbss                                       bigbss       000000
__Lbigdata                                      bigdata      000000
__Lbigram                                       bigram       000000
__Lbigsfr                                       bigsfr       000000
__Lbss                                          bss          000000
__LbssBANK0                                     bssBANK0     000000
__LbssBANK1                                     bssBANK1     000000
__LbssCOMRAM                                    bssCOMRAM    000000
__Lcinit                                        cinit        000000
__Lclrtext                                      clrtext      000000
__Lcomram                                       comram       000000
__Lconfig                                       config       000000
__Lconst                                        const        000000
__LcstackBANK0                                  cstackBANK0  000000
__LcstackBANK1                                  cstackBANK1  000000
__LcstackCOMRAM                                 cstackCOMRAM 000000
__Ldata                                         data         000000
__Leeprom_data                                  eeprom_data  000000
__Lfarbss                                       farbss       000000
__Lfardata                                      fardata      000000
__Lheap                                         heap         000000
__Libigdata                                     ibigdata     000000
__Lidata                                        idata        000000
__Lidloc                                        idloc        000000
__Lifardata                                     ifardata     000000
__Linit                                         init         0001B6
__Lintcode                                      intcode      000008
__Lintcode_body                                 intcode_body 000000
__Lintcodelo                                    intcodelo    0001B6
__Lintentry                                     intentry     000000
__Lintret                                       intret       000000
__Lintsave_regs                                 intsave_regs 000000
__Lirdata                                       irdata       000000
__Lmediumconst                                  mediumconst  00FEC6
__LnvBANK1                                      nvBANK1      000000
__LnvCOMRAM                                     nvCOMRAM     000000
__LnvFARRAM                                     nvFARRAM     000000
__Lnvbit                                        nvbit        000000
__Lnvrram                                       nvrram       000000
__Lparam                                        rparam       000000
__Lpowerup                                      powerup      0001B6
__Lram                                          ram          000000
__Lramtop                                       ramtop       000E00
__Lrbit                                         rbit         000000
__Lrbss                                         rbss         000000
__Lrdata                                        rdata        000000
__Lreset_vec                                    reset_vec    000000
__Lrparam                                       rparam       000000
__Lsfr                                          sfr          000000
__Lsmallconst                                   smallconst   000000
__Lspace_0                                      (abs)        000000
__Lspace_1                                      (abs)        000000
__Lspace_2                                      (abs)        000000
__Lspace_4                                      (abs)        000000
__Lstack                                        stack        000000
__Lstruct                                       struct       000000
__Ltemp                                         temp         000046
__Ltext                                         text         000000
__Ltext0                                        text0        000000
__Ltext1                                        text1        000000
__Ltext10                                       text10       000000
__Ltext100                                      text100      000000
__Ltext101                                      text101      000000
__Ltext102                                      text102      000000
__Ltext103                                      text103      000000
__Ltext104                                      text104      000000
__Ltext105                                      text105      000000
__Ltext106                                      text106      000000
__Ltext107                                      text107      000000
__Ltext108                                      text108      000000
__Ltext109                                      text109      000000
__Ltext11                                       text11       000000
__Ltext110                                      text110      000000
__Ltext111                                      text111      000000
__Ltext112                                      text112      000000
__Ltext113                                      text113      000000
__Ltext114                                      text114      000000
__Ltext115                                      text115      000000
__Ltext116                                      text116      000000
__Ltext12                                       text12       000000
__Ltext13                                       text13       000000
__Ltext14                                       text14       000000
__Ltext15                                       text15       000000
__Ltext16                                       text16       000000
__Ltext17                                       text17       000000
__Ltext18                                       text18       000000
__Ltext19                                       text19       000000
__Ltext2                                        text2        000000
__Ltext20                                       text20       000000
__Ltext21                                       text21       000000
__Ltext22                                       text22       000000
__Ltext23                                       text23       000000
__Ltext24                                       text24       000000
__Ltext25                                       text25       000000
__Ltext26                                       text26       000000
__Ltext27                                       text27       000000
__Ltext28                                       text28       000000
__Ltext29                                       text29       000000
__Ltext3                                        text3        000000
__Ltext30                                       text30       000000
__Ltext31                                       text31       000000
__Ltext32                                       text32       000000
__Ltext33                                       text33       000000
__Ltext34                                       text34       000000
__Ltext35                                       text35       000000
__Ltext36                                       text36       000000
__Ltext37                                       text37       000000
__Ltext38                                       text38       000000
__Ltext39                                       text39       000000
__Ltext4                                        text4        000000
__Ltext40                                       text40       000000
__Ltext41                                       text41       000000
__Ltext42                                       text42       000000
__Ltext43                                       text43       000000
__Ltext44                                       text44       000000
__Ltext45                                       text45       000000
__Ltext46                                       text46       000000
__Ltext47                                       text47       000000
__Ltext48                                       text48       000000
__Ltext49                                       text49       000000
__Ltext5                                        text5        000000
__Ltext50                                       text50       000000
__Ltext51                                       text51       000000
__Ltext52                                       text52       000000
__Ltext54                                       text54       000000
__Ltext55                                       text55       000000
__Ltext56                                       text56       000000
__Ltext57                                       text57       000000
__Ltext58                                       text58       000000
__Ltext59                                       text59       000000
__Ltext6                                        text6        000000
__Ltext60                                       text60       000000
__Ltext61                                       text61       000000
__Ltext62                                       text62       000000
__Ltext63                                       text63       000000
__Ltext64                                       text64       000000
__Ltext65                                       text65       000000
__Ltext66                                       text66       000000
__Ltext67                                       text67       000000
__Ltext68                                       text68       000000
__Ltext69                                       text69       000000
__Ltext7                                        text7        000000
__Ltext70                                       text70       000000
__Ltext71                                       text71       000000
__Ltext72                                       text72       000000
__Ltext73                                       text73       000000
__Ltext74                                       text74       000000
__Ltext75                                       text75       000000
__Ltext76                                       text76       000000
__Ltext77                                       text77       000000
__Ltext78                                       text78       000000
__Ltext79                                       text79       000000
__Ltext8                                        text8        000000
__Ltext80                                       text80       000000
__Ltext81                                       text81       000000
__Ltext82                                       text82       000000
__Ltext83                                       text83       000000
__Ltext84                                       text84       000000
__Ltext85                                       text85       000000
__Ltext86                                       text86       000000
__Ltext87                                       text87       000000
__Ltext88                                       text88       000000
__Ltext89                                       text89       000000
__Ltext9                                        text9        000000
__Ltext90                                       text90       000000
__Ltext91                                       text91       000000
__Ltext92                                       text92       000000
__Ltext93                                       text93       000000
__Ltext94                                       text94       000000
__Ltext95                                       text95       000000
__Ltext96                                       text96       000000
__Ltext97                                       text97       000000
__Ltext98                                       text98       000000
__Ltext99                                       text99       000000
__S0                                            (abs)        011F6C
__S1                                            (abs)        000153
__S4                                            (abs)        000000
__S5                                            (abs)        000000
___aodiv                                        text15       010686
___aodiv@counter                                cstackBANK0  0000BB
___aodiv@dividend                               cstackCOMRAM 00001A
___aodiv@divisor                                cstackCOMRAM 000022
___aodiv@quotient                               cstackBANK0  0000BD
___aodiv@sign                                   cstackBANK0  0000BC
___aomod                                        text14       010810
___aomod@counter                                cstackCOMRAM 00002A
___aomod@dividend                               cstackCOMRAM 00001A
___aomod@divisor                                cstackCOMRAM 000022
___aomod@sign                                   cstackCOMRAM 00002B
___heap_hi                                      (abs)        000000
___heap_lo                                      (abs)        000000
___inthi_sp                                     stack        000000
___intlo_sp                                     stack        000000
___lodiv                                        text6        010974
___lodiv@counter                                cstackBANK0  0000C3
___lodiv@dividend                               cstackCOMRAM 00001A
___lodiv@divisor                                cstackCOMRAM 000022
___lodiv@quotient                               cstackBANK0  0000BB
___lomod                                        text5        010B44
___lomod@counter                                cstackCOMRAM 00002A
___lomod@dividend                               cstackCOMRAM 00001A
___lomod@divisor                                cstackCOMRAM 000022
___param_bank                                   (abs)        000000
___rparam_used                                  (abs)        000001
___sp                                           stack        000000
__accesstop                                     (abs)        000060
__activetblptr                                  (abs)        000003
__end_of_EUSART2Transmit                        text106      011A26
__end_of_EUSART2_DefaultErrorHandler            text113      011F5C
__end_of_EUSART2_DefaultFramingErrorHandler     text112      011F6C
__end_of_EUSART2_DefaultOverrunErrorHandler     text111      011F08
__end_of_EUSART2_Initialize                     text29       011248
__end_of_EUSART2_Read                           text115      011818
__end_of_EUSART2_Receive_ISR                    text105      010DA8
__end_of_EUSART2_RxDataHandler                  text114      011BBE
__end_of_EUSART2_SetErrorHandler                text34       011E64
__end_of_EUSART2_SetFramingErrorHandler         text33       011E56
__end_of_EUSART2_SetOverrunErrorHandler         text32       011E48
__end_of_EUSART2_SetRxInterruptHandler          text31       011E3A
__end_of_EUSART2_SetTxInterruptHandler          text30       011E2C
__end_of_EUSART2_Transmit_ISR                   text104      011928
__end_of_EUSART2_Write                          text103      0116C6
__end_of_EUSART2_is_rx_ready                    text110      011DA8
__end_of_EUSART2_is_tx_done                     text102      011D66
__end_of_EUSART2_is_tx_ready                    text101      011D50
__end_of_EUSART3Transmit                        text94       0119E8
__end_of_EUSART3_DefaultErrorHandler            text98       011F56
__end_of_EUSART3_DefaultFramingErrorHandler     text97       011F6A
__end_of_EUSART3_DefaultOverrunErrorHandler     text96       011F00
__end_of_EUSART3_Initialize                     text23       0111B8
__end_of_EUSART3_Read                           text100      0117C6
__end_of_EUSART3_Receive_ISR                    text93       010CDE
__end_of_EUSART3_RxDataHandler                  text99       011B94
__end_of_EUSART3_SetErrorHandler                text28       011E1E
__end_of_EUSART3_SetFramingErrorHandler         text27       011E10
__end_of_EUSART3_SetOverrunErrorHandler         text26       011E02
__end_of_EUSART3_SetRxInterruptHandler          text25       011DF4
__end_of_EUSART3_SetTxInterruptHandler          text24       011DE6
__end_of_EUSART3_Transmit_ISR                   text92       0118E4
__end_of_EUSART3_Write                          text12       01166E
__end_of_EUSART3_is_rx_ready                    text95       011D3A
__end_of_EUSART3_is_tx_done                     text109      011D92
__end_of_EUSART3_is_tx_ready                    text108      011D7C
__end_of_Enable_LS                              text36       011DB8
__end_of_I2C2_CallbackReturnReset               text80       011F64
__end_of_I2C2_CallbackReturnStop                text81       011F68
__end_of_I2C2_Close                             text49       011B40
__end_of_I2C2_DO_ADDRESS_NACK                   text57       011616
__end_of_I2C2_DO_IDLE                           text71       011E96
__end_of_I2C2_DO_RCEN                           text66       011E8A
__end_of_I2C2_DO_RESET                          text58       011E7E
__end_of_I2C2_DO_RX                             text67       011092
__end_of_I2C2_DO_RX_ACK                         text61       011EC0
__end_of_I2C2_DO_RX_NACK_RESTART                text59       011EB0
__end_of_I2C2_DO_RX_NACK_STOP                   text60       011EB8
__end_of_I2C2_DO_SEND_ADR_READ                  text70       011DD8
__end_of_I2C2_DO_SEND_ADR_WRITE                 text69       011DC8
__end_of_I2C2_DO_SEND_RESTART                   text63       011ED0
__end_of_I2C2_DO_SEND_RESTART_READ              text65       011EE0
__end_of_I2C2_DO_SEND_RESTART_WRITE             text64       011ED8
__end_of_I2C2_DO_SEND_STOP                      text62       011EC8
__end_of_I2C2_DO_TX                             text68       010E70
__end_of_I2C2_DO_TX_EMPTY                       text72       01144C
__end_of_I2C2_Initialize                        text22       011D0E
[...]
__ptext66                                       text66       011E7E
__ptext67                                       text67       010FEA
__ptext68                                       text68       010DA8
__ptext69                                       text69       011DB8
__ptext7                                        text7        010000
__ptext70                                       text70       011DC8
__ptext71                                       text71       011E8A
__ptext72                                       text72       0113CE
__ptext73                                       text73       011F32
__ptext74                                       text74       011D0E
__ptext75                                       text75       011EE0
__ptext76                                       text76       011EE8
__ptext77                                       text77       011F38
__ptext78                                       text78       011EF0
__ptext79                                       text79       011F3E
__ptext8                                        text8        011350
__ptext80                                       text80       011F60
__ptext81                                       text81       011F64
__ptext82                                       text82       01185C
__ptext83                                       text83       011A26
__ptext84                                       text84       011A56
__ptext85                                       text85       011A86
__ptext86                                       text86       011AB6
__ptext87                                       text87       011CC4
__ptext88                                       text88       0112CC
__ptext89                                       text89       011C2A
__ptext9                                        text9        011818
__ptext90                                       text90       011F44
__ptext91                                       text91       011F4A
__ptext92                                       text92       0118A0
__ptext93                                       text93       010C14
__ptext94                                       text94       0119AA
__ptext95                                       text95       011D24
__ptext96                                       text96       011EF8
__ptext97                                       text97       011F68
__ptext98                                       text98       011F50
__ptext99                                       text99       011B6A
__ramtop                                        ramtop       000E00
__smallconst                                    smallconst   000000
_abs                                            text13       011928
_dbuf                                           bssBANK1     000100
_dtoa                                           text7        010000
_dtoa$2631                                      cstackBANK0  0000D7
_eusart2RxBuffer                                bssBANK0     000092
_eusart2RxCount                                 bssCOMRAM    000036
_eusart2RxHead                                  bssCOMRAM    000038
_eusart2RxLastError                             bssCOMRAM    000035
_eusart2RxStatusBuffer                          bssBANK0     00008A
_eusart2RxTail                                  bssCOMRAM    000037
_eusart2TxBuffer                                bssBANK0     00009A
_eusart2TxBufferRemaining                       nvCOMRAM     000044
_eusart2TxHead                                  bssCOMRAM    00003A
_eusart2TxTail                                  bssCOMRAM    000039
_eusart3RxBuffer                                bssBANK0     0000AA
_eusart3RxCount                                 bssCOMRAM    00003C
_eusart3RxHead                                  bssCOMRAM    00003E
_eusart3RxLastError                             bssCOMRAM    00003B
_eusart3RxStatusBuffer                          bssBANK0     0000A2
_eusart3RxTail                                  bssCOMRAM    00003D
_eusart3TxBuffer                                bssBANK0     0000B2
_eusart3TxBufferRemaining                       nvCOMRAM     000045
_eusart3TxHead                                  bssCOMRAM    000040
_eusart3TxTail                                  bssCOMRAM    00003F
_flags                                          bssBANK0     0000BA
_fputc                                          text10       011092
_fputs                                          text9        011818
_i2c2_fsmStateTable                             mediumconst  00FEC7
_main                                           text0        010E70
_pad                                            text8        011350
_prec                                           bssCOMRAM    000033
_printf                                         text1        011B40
_putch                                          text11       011E96
_rd1RegCompleteHandler                          text85       011A86
_rd2RegCompleteHandler                          text84       011A56
_rdBlkRegCompleteHandler                        text82       01185C
_spi1_configuration                             mediumconst  00FEF7
_utoa                                           text4        0104BE
_vfpfcnvrt                                      text3        010282
_vfprintf                                       text2        01171E
_width                                          bssCOMRAM    000031
_wr1RegCompleteHandler                          text83       011A26
_wr2RegCompleteHandler                          text86       011AB6
abs@a                                           cstackCOMRAM 00002C
btemp                                           temp         000046
dtoa@d                                          cstackBANK0  0000C7
dtoa@fp                                         cstackBANK0  0000C5
dtoa@i                                          cstackBANK0  0000E6
dtoa@n                                          cstackBANK0  0000DD
dtoa@p                                          cstackBANK0  0000D9
dtoa@s                                          cstackBANK0  0000E5
dtoa@w                                          cstackBANK0  0000DB
end_of_initialization                           cinit        011B0A
fputc@c                                         cstackCOMRAM 00001C
fputc@fp                                        cstackCOMRAM 00001E
fputs@c                                         cstackCOMRAM 000029
fputs@fp                                        cstackCOMRAM 000027
fputs@i                                         cstackCOMRAM 00002A
fputs@s                                         cstackCOMRAM 000025
i2EUSART3_Write@txData                          cstackCOMRAM 000001
i2I2C2_SetBuffer@buffer                         cstackCOMRAM 000001
i2I2C2_SetBuffer@bufferSize                     cstackCOMRAM 000003
i2I2C2_SetCallback@cb                           cstackCOMRAM 000001
i2I2C2_SetCallback@idx                          cstackCOMRAM 000006
i2I2C2_SetCallback@ptr                          cstackCOMRAM 000004
i2I2C2_SetDataCompleteCallback@cb               cstackCOMRAM 000007
i2I2C2_SetDataCompleteCallback@ptr              cstackCOMRAM 00000A
i2_EUSART3_Write                                text107      0116C6
i2_I2C2_MasterClearIrq                          text56       011F2C
i2_I2C2_SetBuffer                               text89       011C2A
i2_I2C2_SetCallback                             text88       0112CC
i2_I2C2_SetDataCompleteCallback                 text87       011CC4
int$flags                                       temp         000046
intlevel0                                       text         000000
intlevel1                                       text         000000
intlevel2                                       text         000000
intlevel3                                       text         000000
isa$std                                         (abs)        000001
isa$xinst                                       (abs)        000000
main@L0                                         cstackBANK1  00014E
main@ii                                         cstackBANK1  000150
main@lightBytes                                 cstackBANK1  00014B
main@lightData                                  cstackBANK1  000151
main@t0                                         cstackBANK1  00014D
pad@buf                                         cstackBANK0  0000BD
pad@fp                                          cstackBANK0  0000BB
pad@i                                           cstackBANK0  0000C1
pad@p                                           cstackBANK0  0000BF
pad@w                                           cstackBANK0  0000C3
printf@ap                                       cstackBANK0  0000FE
printf@fmt                                      cstackBANK1  000141
putch@txData                                    cstackCOMRAM 00001B
rd1RegCompleteHandler@ptr                       cstackCOMRAM 00000C
rd2RegCompleteHandler@ptr                       cstackCOMRAM 00000C
rdBlkRegCompleteHandler@ptr                     cstackCOMRAM 00000C
stackhi                                         (abs)        000000
stacklo                                         (abs)        000000
start                                           init         0001B6
start_initialization                            cinit        011AE6
ttemp5                                          temp         000047
ttemp6                                          temp         00004A
ttemp7                                          temp         00004E
utoa@d                                          cstackBANK0  0000C7
utoa@fp                                         cstackBANK0  0000C5
utoa@i                                          cstackBANK0  0000E3
utoa@n                                          cstackBANK0  0000DB
utoa@p                                          cstackBANK0  0000D9
utoa@w                                          cstackBANK0  0000D7
vfpfcnvrt@ap                                    cstackBANK0  0000EC
vfpfcnvrt@convarg                               cstackBANK0  0000F2
vfpfcnvrt@cp                                    cstackBANK0  0000FA
vfpfcnvrt@fmt                                   cstackBANK0  0000EA
vfpfcnvrt@fp                                    cstackBANK0  0000E8
vfprintf@ap                                     cstackBANK1  00013F
vfprintf@cfmt                                   cstackBANK0  0000FC
vfprintf@fmt                                    cstackBANK1  00013D
vfprintf@fp                                     cstackBANK1  00013B
wr1RegCompleteHandler@ptr                       cstackCOMRAM 00000C
wr2RegCompleteHandler@ptr                       cstackCOMRAM 00000C
wtemp8                                          temp         000047


MODULE INFORMATION

Module		Function		Class		Link	Load	Size
C:\Program Files\Microchip\xc8\v2.40\pic\sources\c99\common\nf_fputc.c
		_fputc         		CODE           	11092	0000	150

C:\Program Files\Microchip\xc8\v2.40\pic\sources\c99\common\nf_fputc.c estimated size: 150

mcc_generated_files/examples/i2c2_master_example.c
		_I2C2_Read1ByteRegister		CODE           	1144C	0000	124
		_wr1RegCompleteHandler		CODE           	11A26	0000	48
		_wr2RegCompleteHandler		CODE           	11AB6	0000	48
		_I2C2_Write1ByteRegister		CODE           	114C8	0000	118
		_rdBlkRegCompleteHandler		CODE           	1185C	0000	68
		_rd1RegCompleteHandler		CODE           	11A86	0000	48
		_rd2RegCompleteHandler		CODE           	11A56	0000	48

mcc_generated_files/examples/i2c2_master_example.c estimated size: 502

mcc_generated_files/eusart2.c
		_EUSART2_Read  		CODE           	117C6	0000	82
		_EUSART2_SetOverrunErrorHandler		CODE           	11E3A	0000	14
		_EUSART2_SetErrorHandler		CODE           	11E56	0000	14
		_EUSART2_Write 		CODE           	1166E	0000	88
		_EUSART2_Receive_ISR		CODE           	10CDE	0000	202
		_EUSART2_RxDataHandler		CODE           	11B94	0000	42
		_EUSART2_DefaultOverrunErrorHandler		CODE           	11F00	0000	8
		_EUSART2_Transmit_ISR		CODE           	118E4	0000	68
		_EUSART2_DefaultFramingErrorHandler		CODE           	11F6A	0000	2
		_EUSART2_is_tx_done		CODE           	11D50	0000	22
		_EUSART2_SetRxInterruptHandler		CODE           	11E2C	0000	14
		_EUSART2_SetTxInterruptHandler		CODE           	11E1E	0000	14
		_EUSART2_is_rx_ready		CODE           	11D92	0000	22
		_EUSART2_is_tx_ready		CODE           	11D3A	0000	22
		_EUSART2_Initialize		CODE           	111B8	0000	144
		_EUSART2_DefaultErrorHandler		CODE           	11F56	0000	6
		_EUSART2_SetFramingErrorHandler		CODE           	11E48	0000	14

mcc_generated_files/eusart2.c estimated size: 778

mcc_generated_files/interrupt_manager.c
		_INTERRUPT_Initialize		CODE           	11F5C	0000	4
		_INTERRUPT_InterruptManager		CODE           	0008	0000	430

mcc_generated_files/interrupt_manager.c estimated size: 434

C:\Program Files\Microchip\xc8\v2.40\pic\sources\c99\common\abs.c
		_abs           		CODE           	11928	0000	66

C:\Program Files\Microchip\xc8\v2.40\pic\sources\c99\common\abs.c estimated size: 66

C:\Program Files\Microchip\xc8\v2.40\pic\sources\c99\common\printf.c
		_printf        		CODE           	11B40	0000	42

C:\Program Files\Microchip\xc8\v2.40\pic\sources\c99\common\printf.c estimated size: 42

mcc_generated_files/pin_manager.c
		_PIN_MANAGER_Initialize		CODE           	10A66	0000	222

mcc_generated_files/pin_manager.c estimated size: 222

mcc_generated_files/spi1.c
		_SPI1_Initialize		CODE           	11BBE	0000	36

mcc_generated_files/spi1.c estimated size: 36

C:\Program Files\Microchip\xc8\v2.40\pic\sources\c99\common\nf_fputs.c
		_fputs         		CODE           	11818	0000	68

C:\Program Files\Microchip\xc8\v2.40\pic\sources\c99\common\nf_fputs.c estimated size: 68

mcc_generated_files/eusart3.c
		_EUSART3_SetErrorHandler		CODE           	11E10	0000	14
		_EUSART3_Write 		CODE           	11616	0000	88
		_EUSART3_Receive_ISR		CODE           	10C14	0000	202
		_EUSART3_RxDataHandler		CODE           	11B6A	0000	42
		_EUSART3_DefaultOverrunErrorHandler		CODE           	11EF8	0000	8
		_putch         		CODE           	11E96	0000	10
		_EUSART3_Transmit_ISR		CODE           	118A0	0000	68
		_EUSART3_DefaultFramingErrorHandler		CODE           	11F68	0000	2
		_EUSART3_is_tx_done		CODE           	11D7C	0000	22
		_EUSART3_SetRxInterruptHandler		CODE           	11DE6	0000	14
		_EUSART3_SetTxInterruptHandler		CODE           	11DD8	0000	14
		_EUSART3_is_rx_ready		CODE           	11D24	0000	22
		_EUSART3_is_tx_ready		CODE           	11D66	0000	22
		_EUSART3_Initialize		CODE           	11128	0000	144
		_EUSART3_DefaultErrorHandler		CODE           	11F50	0000	6
		_EUSART3_SetFramingErrorHandler		CODE           	11E02	0000	14
		_EUSART3_Read  		CODE           	11774	0000	82
		_EUSART3_SetOverrunErrorHandler		CODE           	11DF4	0000	14

mcc_generated_files/eusart3.c estimated size: 788

C:\Program Files\Microchip\xc8\v2.40\pic\sources\c99\common\lomod.c
		___lomod       		CODE           	10B44	0000	208

C:\Program Files\Microchip\xc8\v2.40\pic\sources\c99\common\lomod.c estimated size: 208

mcc_generated_files/i2c2_master.c
		_I2C2_DO_SEND_ADR_READ		CODE           	11DC8	0000	16
		_I2C2_MasterEnableIrq		CODE           	11F08	0000	6
		_I2C2_DO_RX_NACK_STOP		CODE           	11EB0	0000	8
		_I2C2_DO_SEND_RESTART		CODE           	11EC8	0000	8
		_I2C2_DO_TX_EMPTY		CODE           	113CE	0000	126
		_I2C2_DO_SEND_RESTART_READ		CODE           	11ED8	0000	8
		_I2C2_CallbackReturnStop		CODE           	11F64	0000	4
		_I2C2_DO_RX    		CODE           	10FEA	0000	168
		_I2C2_DO_TX    		CODE           	10DA8	0000	200
		_I2C2_SetAddressNackCallback		CODE           	11CA8	0000	28
		_I2C2_DO_IDLE  		CODE           	11E8A	0000	12
		_I2C2_MasterOpen		CODE           	11C06	0000	36
		_I2C2_DO_RCEN  		CODE           	11E7E	0000	12
		_I2C2_MasterSendTxData		CODE           	11EE0	0000	8
		_I2C2_MasterStop		CODE           	11F44	0000	6
		_I2C2_CallbackReturnReset		CODE           	11F60	0000	4
		_I2C2_DO_RESET 		CODE           	11E72	0000	12
		_I2C2_MasterStartRx		CODE           	11F3E	0000	6
		_I2C2_DO_RX_ACK		CODE           	11EB8	0000	8
		_I2C2_MasterSendNack		CODE           	11EF0	0000	8
		_I2C2_DO_RX_NACK_RESTART		CODE           	11EA8	0000	8
		_I2C2_MasterDisableIrq		CODE           	11F14	0000	6
		_I2C2_MasterOperation		CODE           	1196A	0000	64
		_I2C2_SetCallback		CODE           	11248	0000	132
		_I2C2_MasterEnableRestart		CODE           	11F4A	0000	6
		_I2C2_Open     		CODE           	10F34	0000	182
		_I2C2_DO_ADDRESS_NACK		CODE           	115AA	0000	108
		_I2C2_SetBuffer		CODE           	11BE2	0000	36
		_I2C2_DO_SEND_RESTART_WRITE		CODE           	11ED0	0000	8
		_I2C2_MasterClose		CODE           	11F1A	0000	6
		_I2C2_MasterWrite		CODE           	11EA0	0000	8
		_I2C2_Initialize		CODE           	11CF8	0000	22
		_I2C2_Close    		CODE           	11B14	0000	44
		_I2C2_MasterIsNack		CODE           	11D0E	0000	22
		_I2C2_MasterStart		CODE           	11F0E	0000	6
		_I2C2_DO_SEND_ADR_WRITE		CODE           	11DB8	0000	16
		_I2C2_MasterClearIrq		CODE           	11F20	0000	6
		_I2C2_SetDataCompleteCallback		CODE           	11C8C	0000	28
		_I2C2_DO_SEND_STOP		CODE           	11EC0	0000	8
		_I2C2_MasterSendAck		CODE           	11EE8	0000	8
		_I2C2_MasterFsm		CODE           	1153E	0000	108
		_I2C2_MasterIsr		CODE           	11F26	0000	6
		_I2C2_MasterGetRxData		CODE           	11F38	0000	6
		_I2C2_SetInterruptHandler		CODE           	11E64	0000	14
		_I2C2_MasterSetIrq		CODE           	11F32	0000	6

mcc_generated_files/i2c2_master.c estimated size: 1548

C:\Program Files\Microchip\xc8\v2.40\pic\sources\c99\common\aomod.c
		___aomod       		CODE           	10810	0000	356

C:\Program Files\Microchip\xc8\v2.40\pic\sources\c99\common\aomod.c estimated size: 356

shared
		i2_I2C2_MasterClearIrq		CODE           	11F2C	0000	6
		i2_I2C2_SetDataCompleteCallback		CODE           	11CC4	0000	28
		i2_I2C2_SetBuffer		CODE           	11C2A	0000	36
		__initialization		CODE           	11AE6	0000	36
		i2_EUSART3_Write		CODE           	116C6	0000	88
		i2_I2C2_SetCallback		CODE           	112CC	0000	132
		_i2c2_fsmStateTable		MEDIUMCONST    	FEC7	0000	48
		_spi1_configuration		MEDIUMCONST    	FEF7	0000	4

shared estimated size: 378

mcc_generated_files/mcc.c
		_PMD_Initialize		CODE           	11C70	0000	28
		_OSCILLATOR_Initialize		CODE           	11CE0	0000	24
		_SYSTEM_Initialize		CODE           	11C4E	0000	34

mcc_generated_files/mcc.c estimated size: 86

C:\Program Files\Microchip\xc8\v2.40\pic\sources\c99\common\doprnt.c
		_vfpfcnvrt     		CODE           	10282	0000	572
		_pad           		CODE           	11350	0000	126
		_dtoa          		CODE           	10000	0000	642
		_vfprintf      		CODE           	1171E	0000	86
		_utoa          		CODE           	104BE	0000	456

C:\Program Files\Microchip\xc8\v2.40\pic\sources\c99\common\doprnt.c estimated size: 1882

main.c
		_main          		CODE           	10E70	0000	196
		_Enable_LS     		CODE           	11DA8	0000	16
		_EUSART3Transmit		CODE           	119AA	0000	62
		_EUSART2Transmit		CODE           	119E8	0000	62

main.c estimated size: 336

C:\Program Files\Microchip\xc8\v2.40\pic\sources\c99\common\lodiv.c
		___lodiv       		CODE           	10974	0000	242

C:\Program Files\Microchip\xc8\v2.40\pic\sources\c99\common\lodiv.c estimated size: 242

C:\Program Files\Microchip\xc8\v2.40\pic\sources\c99\common\aodiv.c
		___aodiv       		CODE           	10686	0000	394

C:\Program Files\Microchip\xc8\v2.40\pic\sources\c99\common\aodiv.c estimated size: 394

